// Jest Snapshot v1, https://goo.gl/fbAQLP

exports[`renders LoginForm component 1`] = `
<form
  className=""
  onSubmit={[Function]}
  style={
    Object {
      "marginTop": "50px",
    }
  }
>
  <div>
    <label
      className="form-label"
      htmlFor="formBasicEmail"
    >
      Email:
    </label>
    <input
      className="form-control"
      id="formBasicEmail"
      placeholder="Type your login"
      type="text"
    />
  </div>
  <div>
    <label
      className="form-label"
      htmlFor="formBasicPassword"
    >
      Password:
    </label>
    <input
      className="form-control"
      id="formBasicPassword"
      placeholder="Type your password:"
      type="password"
    />
  </div>
  <button
    className="btn btn-primary"
    color="primary"
    disabled={false}
    onClick={[Function]}
    style={
      Object {
        "margin": "5px 0px",
      }
    }
    type="submit"
  >
    
  </button>
</form>
`;

exports[`renders LoginForm component 2`] = `
<form
  className=""
  onSubmit={[Function]}
  style={
    Object {
      "marginTop": "50px",
    }
  }
>
  <div>
    <label
      className="form-label"
      htmlFor="formBasicEmail"
    >
      Email:
    </label>
    <input
      className="form-control"
      id="formBasicEmail"
      placeholder="Type your login"
      type="text"
    />
  </div>
  <div>
    <label
      className="form-label"
      htmlFor="formBasicPassword"
    >
      Password:
    </label>
    <input
      className="form-control"
      id="formBasicPassword"
      placeholder="Type your password:"
      type="password"
    />
  </div>
  <button
    className="btn btn-primary"
    color="primary"
    disabled={false}
    onClick={[Function]}
    style={
      Object {
        "margin": "5px 0px",
      }
    }
    type="submit"
  >
    
  </button>
</form>
`;
